// Vitest Snapshot v1, https://vitest.dev/guide/snapshot.html

exports[`Тестування компонента  Popular > Знімок 1`] = `
{
  "asFragment": [Function],
  "baseElement": <body>
    <div>
      <section
        class="popular__conteiner"
      >
        <div
          class="container"
        >
          <h4
            class="popular__title"
          >
            The Most Popular shopping for her
          </h4>
          <div
            class="popular__wrapper"
          />
        </div>
      </section>
      <div
        class="special-offer__wrapper"
      >
        <div
          class="container buttons"
        >
          <button
            class="button-black special-offer__button"
            type="button"
          >
            New here $20 off your first purchase
          </button>
          <button
            class="button-black special-offer__button"
            type="button"
          >
            Get 10% discount for subscription
          </button>
        </div>
      </div>
    </div>
  </body>,
  "container": <div>
    <section
      class="popular__conteiner"
    >
      <div
        class="container"
      >
        <h4
          class="popular__title"
        >
          The Most Popular shopping for her
        </h4>
        <div
          class="popular__wrapper"
        />
      </div>
    </section>
    <div
      class="special-offer__wrapper"
    >
      <div
        class="container buttons"
      >
        <button
          class="button-black special-offer__button"
          type="button"
        >
          New here $20 off your first purchase
        </button>
        <button
          class="button-black special-offer__button"
          type="button"
        >
          Get 10% discount for subscription
        </button>
      </div>
    </div>
  </div>,
  "debug": [Function],
  "findAllByAltText": [Function],
  "findAllByDisplayValue": [Function],
  "findAllByLabelText": [Function],
  "findAllByPlaceholderText": [Function],
  "findAllByRole": [Function],
  "findAllByTestId": [Function],
  "findAllByText": [Function],
  "findAllByTitle": [Function],
  "findByAltText": [Function],
  "findByDisplayValue": [Function],
  "findByLabelText": [Function],
  "findByPlaceholderText": [Function],
  "findByRole": [Function],
  "findByTestId": [Function],
  "findByText": [Function],
  "findByTitle": [Function],
  "getAllByAltText": [Function],
  "getAllByDisplayValue": [Function],
  "getAllByLabelText": [Function],
  "getAllByPlaceholderText": [Function],
  "getAllByRole": [Function],
  "getAllByTestId": [Function],
  "getAllByText": [Function],
  "getAllByTitle": [Function],
  "getByAltText": [Function],
  "getByDisplayValue": [Function],
  "getByLabelText": [Function],
  "getByPlaceholderText": [Function],
  "getByRole": [Function],
  "getByTestId": [Function],
  "getByText": [Function],
  "getByTitle": [Function],
  "queryAllByAltText": [Function],
  "queryAllByDisplayValue": [Function],
  "queryAllByLabelText": [Function],
  "queryAllByPlaceholderText": [Function],
  "queryAllByRole": [Function],
  "queryAllByTestId": [Function],
  "queryAllByText": [Function],
  "queryAllByTitle": [Function],
  "queryByAltText": [Function],
  "queryByDisplayValue": [Function],
  "queryByLabelText": [Function],
  "queryByPlaceholderText": [Function],
  "queryByRole": [Function],
  "queryByTestId": [Function],
  "queryByText": [Function],
  "queryByTitle": [Function],
  "rerender": [Function],
  "unmount": [Function],
}
`;
