// Vitest Snapshot v1, https://vitest.dev/guide/snapshot.html

exports[`Тестування компонента  ForgotPasswordPage > Знімок 1`] = `
{
  "asFragment": [Function],
  "baseElement": <body>
    <div>
      <section
        class="container"
      >
        <div
          class="form__container__box__forgot__pass form__container__box__authorization "
        >
          <div
            class="form__container__box__main__authorization"
          >
            <h2
              class="forgot__pass__title"
            >
              Forgot your password?
            </h2>
            <p
              class="forgot__pass__text"
            >
              Enter the E-Mail for your account. Click continue to receive your password via email.
            </p>
            <div
              class="form__box-registr"
            >
              <form
                action="#"
              >
                <label
                  class="form__field form__field-modal form__field-registr  mb-3"
                >
                  <div
                    class="form__little__box "
                  >
                    <p
                      class="form__title"
                    >
                      Email
                    </p>
                    <input
                      class="form__input form__input-modal"
                      name="email"
                      placeholder="Email"
                      type="text"
                      value=""
                    />
                  </div>
                </label>
                <button
                  class="button-black button__submit button__forgot__pass__page button__registr__page"
                  type="submit"
                >
                  Continue
                </button>
              </form>
            </div>
          </div>
          <div
            class="img__form__authorization__container img__form__forgot__pass__container"
          >
            <img
              alt="forgot_pass_img"
              class="img__form__authorization img__form__forgot__pass"
              src="/Images/forgotPassF.jpg"
            />
          </div>
        </div>
      </section>
    </div>
  </body>,
  "container": <div>
    <section
      class="container"
    >
      <div
        class="form__container__box__forgot__pass form__container__box__authorization "
      >
        <div
          class="form__container__box__main__authorization"
        >
          <h2
            class="forgot__pass__title"
          >
            Forgot your password?
          </h2>
          <p
            class="forgot__pass__text"
          >
            Enter the E-Mail for your account. Click continue to receive your password via email.
          </p>
          <div
            class="form__box-registr"
          >
            <form
              action="#"
            >
              <label
                class="form__field form__field-modal form__field-registr  mb-3"
              >
                <div
                  class="form__little__box "
                >
                  <p
                    class="form__title"
                  >
                    Email
                  </p>
                  <input
                    class="form__input form__input-modal"
                    name="email"
                    placeholder="Email"
                    type="text"
                    value=""
                  />
                </div>
              </label>
              <button
                class="button-black button__submit button__forgot__pass__page button__registr__page"
                type="submit"
              >
                Continue
              </button>
            </form>
          </div>
        </div>
        <div
          class="img__form__authorization__container img__form__forgot__pass__container"
        >
          <img
            alt="forgot_pass_img"
            class="img__form__authorization img__form__forgot__pass"
            src="/Images/forgotPassF.jpg"
          />
        </div>
      </div>
    </section>
  </div>,
  "debug": [Function],
  "findAllByAltText": [Function],
  "findAllByDisplayValue": [Function],
  "findAllByLabelText": [Function],
  "findAllByPlaceholderText": [Function],
  "findAllByRole": [Function],
  "findAllByTestId": [Function],
  "findAllByText": [Function],
  "findAllByTitle": [Function],
  "findByAltText": [Function],
  "findByDisplayValue": [Function],
  "findByLabelText": [Function],
  "findByPlaceholderText": [Function],
  "findByRole": [Function],
  "findByTestId": [Function],
  "findByText": [Function],
  "findByTitle": [Function],
  "getAllByAltText": [Function],
  "getAllByDisplayValue": [Function],
  "getAllByLabelText": [Function],
  "getAllByPlaceholderText": [Function],
  "getAllByRole": [Function],
  "getAllByTestId": [Function],
  "getAllByText": [Function],
  "getAllByTitle": [Function],
  "getByAltText": [Function],
  "getByDisplayValue": [Function],
  "getByLabelText": [Function],
  "getByPlaceholderText": [Function],
  "getByRole": [Function],
  "getByTestId": [Function],
  "getByText": [Function],
  "getByTitle": [Function],
  "queryAllByAltText": [Function],
  "queryAllByDisplayValue": [Function],
  "queryAllByLabelText": [Function],
  "queryAllByPlaceholderText": [Function],
  "queryAllByRole": [Function],
  "queryAllByTestId": [Function],
  "queryAllByText": [Function],
  "queryAllByTitle": [Function],
  "queryByAltText": [Function],
  "queryByDisplayValue": [Function],
  "queryByLabelText": [Function],
  "queryByPlaceholderText": [Function],
  "queryByRole": [Function],
  "queryByTestId": [Function],
  "queryByText": [Function],
  "queryByTitle": [Function],
  "rerender": [Function],
  "unmount": [Function],
}
`;
