// Vitest Snapshot v1, https://vitest.dev/guide/snapshot.html

exports[`Тестування компонента  Feedbacks > Знімок 1`] = `"<section><div class="feedbacks__wrapper"><div class="container feedbacks"><h2 class="feedbacks__title">feedbacks</h2><div class="feedbacks__content"></div><div class="feedbacks__button"><button class="button-white" type="button">see more</button></div></div></div></section>"`;
